// Jest Snapshot v1, https://goo.gl/fbAQLP

exports[`distinct streams mode should stream query operations to connected event stream and then disconnect 1`] = `
Object {
  "data": Object {
    "data": Object {
      "getValue": "value",
    },
  },
  "event": "value",
  "id": "",
}
`;

exports[`distinct streams mode should stream query operations to connected event stream and then disconnect 2`] = `
Object {
  "data": null,
  "event": "done",
  "id": "",
}
`;

exports[`single stream mode should report operation validation issues to request 1`] = `"{\\"errors\\":[{\\"message\\":\\"Cannot query field \\\\\\"notExists\\\\\\" on type \\\\\\"Query\\\\\\".\\",\\"locations\\":[{\\"line\\":1,\\"column\\":3}]}]}"`;

exports[`single stream mode should stream query operations to connected event stream 1`] = `"{\\"id\\":\\"1\\",\\"payload\\":{\\"data\\":{\\"getValue\\":\\"value\\"}}}"`;

exports[`single stream mode should stream subscription operations to connected event stream 1`] = `"{\\"id\\":\\"1\\",\\"payload\\":{\\"data\\":{\\"greetings\\":\\"Hi\\"}}}"`;

exports[`single stream mode should stream subscription operations to connected event stream 2`] = `"{\\"id\\":\\"1\\",\\"payload\\":{\\"data\\":{\\"greetings\\":\\"Bonjour\\"}}}"`;

exports[`single stream mode should stream subscription operations to connected event stream 3`] = `"{\\"id\\":\\"1\\",\\"payload\\":{\\"data\\":{\\"greetings\\":\\"Hola\\"}}}"`;

exports[`single stream mode should stream subscription operations to connected event stream 4`] = `"{\\"id\\":\\"1\\",\\"payload\\":{\\"data\\":{\\"greetings\\":\\"Ciao\\"}}}"`;

exports[`single stream mode should stream subscription operations to connected event stream 5`] = `"{\\"id\\":\\"1\\",\\"payload\\":{\\"data\\":{\\"greetings\\":\\"Zdravo\\"}}}"`;
